Get:1 http://archive.ubuntu.com/ubuntu jammy InRelease [270 kB]
Get:2 http://security.ubuntu.com/ubuntu jammy-security InRelease [129 kB]
Get:3 http://archive.ubuntu.com/ubuntu jammy-updates InRelease [128 kB]
Get:4 http://archive.ubuntu.com/ubuntu jammy-backports InRelease [127 kB]
Get:5 http://archive.ubuntu.com/ubuntu jammy/universe amd64 Packages [17.5 MB]
Get:6 http://security.ubuntu.com/ubuntu jammy-security/universe amd64 Packages [1314 kB]
Get:7 http://archive.ubuntu.com/ubuntu jammy/restricted amd64 Packages [164 kB]
Get:8 http://archive.ubuntu.com/ubuntu jammy/main amd64 Packages [1792 kB]
Get:9 http://archive.ubuntu.com/ubuntu jammy/multiverse amd64 Packages [266 kB]
Get:10 http://archive.ubuntu.com/ubuntu jammy-updates/universe amd64 Packages [1616 kB]
Get:11 http://archive.ubuntu.com/ubuntu jammy-updates/restricted amd64 Packages [7770 kB]
Get:12 http://archive.ubuntu.com/ubuntu jammy-updates/multiverse amd64 Packages [92.7 kB]
Get:13 http://archive.ubuntu.com/ubuntu jammy-updates/main amd64 Packages [4488 kB]
Get:14 http://archive.ubuntu.com/ubuntu jammy-backports/main amd64 Packages [82.8 kB]
Get:15 http://archive.ubuntu.com/ubuntu jammy-backports/universe amd64 Packages [35.6 kB]
Get:16 http://security.ubuntu.com/ubuntu jammy-security/multiverse amd64 Packages [84.1 kB]
Get:17 http://security.ubuntu.com/ubuntu jammy-security/main amd64 Packages [4155 kB]
Get:18 http://security.ubuntu.com/ubuntu jammy-security/restricted amd64 Packages [7479 kB]
Fetched 47.5 MB in 4s (12.7 MB/s)
Reading package lists...
Reading package lists...
Building dependency tree...
Reading state information...
The following additional packages will be installed:
  git-man libbrotli1 libcurl3-gnutls liberror-perl libexpat1 libgdbm-compat4
  libgdbm6 libldap-2.5-0 libnghttp2-14 libperl5.34 libpsl5 librtmp1 libsasl2-2
  libsasl2-modules-db libssh-4 perl perl-base perl-modules-5.34
Suggested packages:
  gettext-base git-daemon-run | git-daemon-sysvinit git-doc git-email git-gui
  gitk gitweb git-cvs git-mediawiki git-svn gdbm-l10n perl-doc
  libterm-readline-gnu-perl | libterm-readline-perl-perl make
  libtap-harness-archive-perl
Recommended packages:
  patch less ssh-client libldap-common publicsuffix libsasl2-modules netbase
The following NEW packages will be installed:
  git git-man libbrotli1 libcurl3-gnutls liberror-perl libexpat1
  libgdbm-compat4 libgdbm6 libldap-2.5-0 libnghttp2-14 libperl5.34 libpsl5
  librtmp1 libsasl2-2 libsasl2-modules-db libssh-4 perl perl-modules-5.34
The following packages will be upgraded:
  ca-certificates perl-base
2 upgraded, 18 newly installed, 0 to remove and 45 not upgraded.
Need to get 15.5 MB of archives.
After this operation, 72.9 MB of additional disk space will be used.
Get:1 http://archive.ubuntu.com/ubuntu jammy-updates/main amd64 perl-base amd64 5.34.0-3ubuntu1.7 [1763 kB]
Get:2 http://archive.ubuntu.com/ubuntu jammy-updates/main amd64 perl-modules-5.34 all 5.34.0-3ubuntu1.7 [2977 kB]
Get:3 http://archive.ubuntu.com/ubuntu jammy/main amd64 libgdbm6 amd64 1.23-1 [33.9 kB]
Get:4 http://archive.ubuntu.com/ubuntu jammy/main amd64 libgdbm-compat4 amd64 1.23-1 [6606 B]
Get:5 http://archive.ubuntu.com/ubuntu jammy-updates/main amd64 libperl5.34 amd64 5.34.0-3ubuntu1.7 [4817 kB]
Get:6 http://archive.ubuntu.com/ubuntu jammy-updates/main amd64 perl amd64 5.34.0-3ubuntu1.7 [232 kB]
Get:7 http://archive.ubuntu.com/ubuntu jammy-updates/main amd64 ca-certificates all 20260601~22.04.1 [141 kB]
Get:8 http://archive.ubuntu.com/ubuntu jammy-updates/main amd64 libexpat1 amd64 2.4.7-1ubuntu0.7 [92.1 kB]
Get:9 http://archive.ubuntu.com/ubuntu jammy-updates/main amd64 libnghttp2-14 amd64 1.43.0-1ubuntu0.4 [76.9 kB]
Get:10 http://archive.ubuntu.com/ubuntu jammy/main amd64 libpsl5 amd64 0.21.0-1.2build2 [58.4 kB]
Get:11 http://archive.ubuntu.com/ubuntu jammy/main amd64 libbrotli1 amd64 1.0.9-2build6 [315 kB]
Get:12 http://archive.ubuntu.com/ubuntu jammy-updates/main amd64 libsasl2-modules-db amd64 2.1.27+dfsg2-3ubuntu1.2 [20.5 kB]
Get:13 http://archive.ubuntu.com/ubuntu jammy-updates/main amd64 libsasl2-2 amd64 2.1.27+dfsg2-3ubuntu1.2 [53.8 kB]
Get:14 http://archive.ubuntu.com/ubuntu jammy-updates/main amd64 libldap-2.5-0 amd64 2.5.20+dfsg-0ubuntu0.22.04.1 [184 kB]
Get:15 http://archive.ubuntu.com/ubuntu jammy/main amd64 librtmp1 amd64 2.4+20151223.gitfa8646d.1-2build4 [58.2 kB]
Get:16 http://archive.ubuntu.com/ubuntu jammy-updates/main amd64 libssh-4 amd64 0.9.6-2ubuntu0.22.04.7 [187 kB]
Get:17 http://archive.ubuntu.com/ubuntu jammy-updates/main amd64 libcurl3-gnutls amd64 7.81.0-1ubuntu1.25 [284 kB]
Get:18 http://archive.ubuntu.com/ubuntu jammy/main amd64 liberror-perl all 0.17029-1 [26.5 kB]
Get:19 http://archive.ubuntu.com/ubuntu jammy-updates/main amd64 git-man all 1:2.34.1-1ubuntu1.17 [954 kB]
Get:20 http://archive.ubuntu.com/ubuntu jammy-updates/main amd64 git amd64 1:2.34.1-1ubuntu1.17 [3174 kB]
debconf: delaying package configuration, since apt-utils is not installed
Fetched 15.5 MB in 2s (6510 kB/s)
(Reading database ... 
(Reading database ... 5%
(Reading database ... 10%
(Reading database ... 15%
(Reading database ... 20%
(Reading database ... 25%
(Reading database ... 30%
(Reading database ... 35%
(Reading database ... 40%
(Reading database ... 45%
(Reading database ... 50%
(Reading database ... 55%
(Reading database ... 60%
(Reading database ... 65%
(Reading database ... 70%
(Reading database ... 75%
(Reading database ... 80%
(Reading database ... 85%
(Reading database ... 90%
(Reading database ... 95%
(Reading database ... 100%
(Reading database ... 6651 files and directories currently installed.)
Preparing to unpack .../perl-base_5.34.0-3ubuntu1.7_amd64.deb ...
Unpacking perl-base (5.34.0-3ubuntu1.7) over (5.34.0-3ubuntu1.4) ...
Setting up perl-base (5.34.0-3ubuntu1.7) ...
Selecting previously unselected package perl-modules-5.34.
(Reading database ... 
(Reading database ... 5%
(Reading database ... 10%
(Reading database ... 15%
(Reading database ... 20%
(Reading database ... 25%
(Reading database ... 30%
(Reading database ... 35%
(Reading database ... 40%
(Reading database ... 45%
(Reading database ... 50%
(Reading database ... 55%
(Reading database ... 60%
(Reading database ... 65%
(Reading database ... 70%
(Reading database ... 75%
(Reading database ... 80%
(Reading database ... 85%
(Reading database ... 90%
(Reading database ... 95%
(Reading database ... 100%
(Reading database ... 6651 files and directories currently installed.)
Preparing to unpack .../00-perl-modules-5.34_5.34.0-3ubuntu1.7_all.deb ...
Unpacking perl-modules-5.34 (5.34.0-3ubuntu1.7) ...
Selecting previously unselected package libgdbm6:amd64.
Preparing to unpack .../01-libgdbm6_1.23-1_amd64.deb ...
Unpacking libgdbm6:amd64 (1.23-1) ...
Selecting previously unselected package libgdbm-compat4:amd64.
Preparing to unpack .../02-libgdbm-compat4_1.23-1_amd64.deb ...
Unpacking libgdbm-compat4:amd64 (1.23-1) ...
Selecting previously unselected package libperl5.34:amd64.
Preparing to unpack .../03-libperl5.34_5.34.0-3ubuntu1.7_amd64.deb ...
Unpacking libperl5.34:amd64 (5.34.0-3ubuntu1.7) ...
Selecting previously unselected package perl.
Preparing to unpack .../04-perl_5.34.0-3ubuntu1.7_amd64.deb ...
Unpacking perl (5.34.0-3ubuntu1.7) ...
Preparing to unpack .../05-ca-certificates_20260601~22.04.1_all.deb ...
Unpacking ca-certificates (20260601~22.04.1) over (20240203~22.04.1) ...
Selecting previously unselected package libexpat1:amd64.
Preparing to unpack .../06-libexpat1_2.4.7-1ubuntu0.7_amd64.deb ...
Unpacking libexpat1:amd64 (2.4.7-1ubuntu0.7) ...
Selecting previously unselected package libnghttp2-14:amd64.
Preparing to unpack .../07-libnghttp2-14_1.43.0-1ubuntu0.4_amd64.deb ...
Unpacking libnghttp2-14:amd64 (1.43.0-1ubuntu0.4) ...
Selecting previously unselected package libpsl5:amd64.
Preparing to unpack .../08-libpsl5_0.21.0-1.2build2_amd64.deb ...
Unpacking libpsl5:amd64 (0.21.0-1.2build2) ...
Selecting previously unselected package libbrotli1:amd64.
Preparing to unpack .../09-libbrotli1_1.0.9-2build6_amd64.deb ...
Unpacking libbrotli1:amd64 (1.0.9-2build6) ...
Selecting previously unselected package libsasl2-modules-db:amd64.
Preparing to unpack .../10-libsasl2-modules-db_2.1.27+dfsg2-3ubuntu1.2_amd64.deb ...
Unpacking libsasl2-modules-db:amd64 (2.1.27+dfsg2-3ubuntu1.2) ...
Selecting previously unselected package libsasl2-2:amd64.
Preparing to unpack .../11-libsasl2-2_2.1.27+dfsg2-3ubuntu1.2_amd64.deb ...
Unpacking libsasl2-2:amd64 (2.1.27+dfsg2-3ubuntu1.2) ...
Selecting previously unselected package libldap-2.5-0:amd64.
Preparing to unpack .../12-libldap-2.5-0_2.5.20+dfsg-0ubuntu0.22.04.1_amd64.deb ...
Unpacking libldap-2.5-0:amd64 (2.5.20+dfsg-0ubuntu0.22.04.1) ...
Selecting previously unselected package librtmp1:amd64.
Preparing to unpack .../13-librtmp1_2.4+20151223.gitfa8646d.1-2build4_amd64.deb ...
Unpacking librtmp1:amd64 (2.4+20151223.gitfa8646d.1-2build4) ...
Selecting previously unselected package libssh-4:amd64.
Preparing to unpack .../14-libssh-4_0.9.6-2ubuntu0.22.04.7_amd64.deb ...
Unpacking libssh-4:amd64 (0.9.6-2ubuntu0.22.04.7) ...
Selecting previously unselected package libcurl3-gnutls:amd64.
Preparing to unpack .../15-libcurl3-gnutls_7.81.0-1ubuntu1.25_amd64.deb ...
Unpacking libcurl3-gnutls:amd64 (7.81.0-1ubuntu1.25) ...
Selecting previously unselected package liberror-perl.
Preparing to unpack .../16-liberror-perl_0.17029-1_all.deb ...
Unpacking liberror-perl (0.17029-1) ...
Selecting previously unselected package git-man.
Preparing to unpack .../17-git-man_1%3a2.34.1-1ubuntu1.17_all.deb ...
Unpacking git-man (1:2.34.1-1ubuntu1.17) ...
Selecting previously unselected package git.
Preparing to unpack .../18-git_1%3a2.34.1-1ubuntu1.17_amd64.deb ...
Unpacking git (1:2.34.1-1ubuntu1.17) ...
Setting up libexpat1:amd64 (2.4.7-1ubuntu0.7) ...
Setting up libpsl5:amd64 (0.21.0-1.2build2) ...
Setting up libbrotli1:amd64 (1.0.9-2build6) ...
Setting up libnghttp2-14:amd64 (1.43.0-1ubuntu0.4) ...
Setting up perl-modules-5.34 (5.34.0-3ubuntu1.7) ...
Setting up libsasl2-modules-db:amd64 (2.1.27+dfsg2-3ubuntu1.2) ...
Setting up ca-certificates (20260601~22.04.1) ...
debconf: unable to initialize frontend: Dialog
debconf: (TERM is not set, so the dialog frontend is not usable.)
debconf: falling back to frontend: Readline
Updating certificates in /etc/ssl/certs...
rehash: warning: skipping ca-certificates.crt,it does not contain exactly one certificate or CRL
14 added, 39 removed; done.
Setting up librtmp1:amd64 (2.4+20151223.gitfa8646d.1-2build4) ...
Setting up libsasl2-2:amd64 (2.1.27+dfsg2-3ubuntu1.2) ...
Setting up libssh-4:amd64 (0.9.6-2ubuntu0.22.04.7) ...
Setting up git-man (1:2.34.1-1ubuntu1.17) ...
Setting up libgdbm6:amd64 (1.23-1) ...
Setting up libldap-2.5-0:amd64 (2.5.20+dfsg-0ubuntu0.22.04.1) ...
Setting up libgdbm-compat4:amd64 (1.23-1) ...
Setting up libperl5.34:amd64 (5.34.0-3ubuntu1.7) ...
Setting up libcurl3-gnutls:amd64 (7.81.0-1ubuntu1.25) ...
Setting up perl (5.34.0-3ubuntu1.7) ...
Setting up liberror-perl (0.17029-1) ...
Setting up git (1:2.34.1-1ubuntu1.17) ...
Processing triggers for libc-bin (2.35-0ubuntu3.10) ...
Processing triggers for ca-certificates (20260601~22.04.1) ...
Updating certificates in /etc/ssl/certs...
0 added, 0 removed; done.
Running hooks in /etc/ca-certificates/update.d...
done.
HEAD is now at 44c4048 Preserve preempted accuracy run and enable resume
Obtaining file:///workspace/repo-44c4048c86e231565d1a83cb88c1584175aced42
  Installing build dependencies: started
  Installing build dependencies: finished with status 'done'
  Checking if build backend supports build_editable: started
  Checking if build backend supports build_editable: finished with status 'done'
  Getting requirements to build editable: started
  Getting requirements to build editable: finished with status 'done'
  Preparing editable metadata (pyproject.toml): started
  Preparing editable metadata (pyproject.toml): finished with status 'done'
Collecting folium>=0.16 (from shepherd-ai==0.1.0)
  Downloading folium-0.20.0-py2.py3-none-any.whl.metadata (4.2 kB)
Collecting matplotlib>=3.8 (from shepherd-ai==0.1.0)
  Downloading matplotlib-3.11.1-cp311-cp311-manylinux2014_x86_64.manylinux_2_17_x86_64.whl.metadata (80 kB)
Requirement already satisfied: networkx>=3.0 in /opt/conda/lib/python3.11/site-packages (from shepherd-ai==0.1.0) (3.5)
Requirement already satisfied: numpy>=1.24 in /opt/conda/lib/python3.11/site-packages (from shepherd-ai==0.1.0) (2.2.6)
Collecting accelerate<2,>=0.33 (from shepherd-ai==0.1.0)
  Downloading accelerate-1.14.0-py3-none-any.whl.metadata (19 kB)
Collecting huggingface-hub<1,>=0.26 (from shepherd-ai==0.1.0)
  Downloading huggingface_hub-0.36.2-py3-none-any.whl.metadata (15 kB)
Collecting nvidia-ml-py<14,>=13.595 (from shepherd-ai==0.1.0)
  Downloading nvidia_ml_py-13.610.43-py3-none-any.whl.metadata (9.7 kB)
Requirement already satisfied: psutil<8,>=5.9 in /opt/conda/lib/python3.11/site-packages (from shepherd-ai==0.1.0) (7.0.0)
Collecting safetensors<1,>=0.4 (from shepherd-ai==0.1.0)
  Downloading safetensors-0.8.0-cp310-abi3-manylinux_2_17_x86_64.manylinux2014_x86_64.whl.metadata (4.2 kB)
Requirement already satisfied: torch<3,>=2.2 in /opt/conda/lib/python3.11/site-packages (from shepherd-ai==0.1.0) (2.7.1+cu118)
Collecting transformers<5,>=4.45 (from shepherd-ai==0.1.0)
  Downloading transformers-4.57.6-py3-none-any.whl.metadata (43 kB)
Requirement already satisfied: packaging>=20.0 in /opt/conda/lib/python3.11/site-packages (from accelerate<2,>=0.33->shepherd-ai==0.1.0) (25.0)
Requirement already satisfied: pyyaml in /opt/conda/lib/python3.11/site-packages (from accelerate<2,>=0.33->shepherd-ai==0.1.0) (6.0.2)
Requirement already satisfied: filelock in /opt/conda/lib/python3.11/site-packages (from huggingface-hub<1,>=0.26->shepherd-ai==0.1.0) (3.18.0)
Requirement already satisfied: fsspec>=2023.5.0 in /opt/conda/lib/python3.11/site-packages (from huggingface-hub<1,>=0.26->shepherd-ai==0.1.0) (2025.5.1)
Collecting hf-xet<2.0.0,>=1.1.3 (from huggingface-hub<1,>=0.26->shepherd-ai==0.1.0)
  Downloading hf_xet-1.6.0-cp38-abi3-manylinux2014_x86_64.manylinux_2_17_x86_64.whl.metadata (4.9 kB)
Requirement already satisfied: requests in /opt/conda/lib/python3.11/site-packages (from huggingface-hub<1,>=0.26->shepherd-ai==0.1.0) (2.32.3)
Requirement already satisfied: tqdm>=4.42.1 in /opt/conda/lib/python3.11/site-packages (from huggingface-hub<1,>=0.26->shepherd-ai==0.1.0) (4.67.1)
Requirement already satisfied: typing-extensions>=3.7.4.3 in /opt/conda/lib/python3.11/site-packages (from huggingface-hub<1,>=0.26->shepherd-ai==0.1.0) (4.14.0)
Requirement already satisfied: sympy>=1.13.3 in /opt/conda/lib/python3.11/site-packages (from torch<3,>=2.2->shepherd-ai==0.1.0) (1.14.0)
Requirement already satisfied: jinja2 in /opt/conda/lib/python3.11/site-packages (from torch<3,>=2.2->shepherd-ai==0.1.0) (3.1.6)
Requirement already satisfied: nvidia-cuda-nvrtc-cu11==11.8.89 in /opt/conda/lib/python3.11/site-packages (from torch<3,>=2.2->shepherd-ai==0.1.0) (11.8.89)
Requirement already satisfied: nvidia-cuda-runtime-cu11==11.8.89 in /opt/conda/lib/python3.11/site-packages (from torch<3,>=2.2->shepherd-ai==0.1.0) (11.8.89)
Requirement already satisfied: nvidia-cuda-cupti-cu11==11.8.87 in /opt/conda/lib/python3.11/site-packages (from torch<3,>=2.2->shepherd-ai==0.1.0) (11.8.87)
Requirement already satisfied: nvidia-cudnn-cu11==9.1.0.70 in /opt/conda/lib/python3.11/site-packages (from torch<3,>=2.2->shepherd-ai==0.1.0) (9.1.0.70)
Requirement already satisfied: nvidia-cublas-cu11==11.11.3.6 in /opt/conda/lib/python3.11/site-packages (from torch<3,>=2.2->shepherd-ai==0.1.0) (11.11.3.6)
Requirement already satisfied: nvidia-cufft-cu11==10.9.0.58 in /opt/conda/lib/python3.11/site-packages (from torch<3,>=2.2->shepherd-ai==0.1.0) (10.9.0.58)
Requirement already satisfied: nvidia-curand-cu11==10.3.0.86 in /opt/conda/lib/python3.11/site-packages (from torch<3,>=2.2->shepherd-ai==0.1.0) (10.3.0.86)
Requirement already satisfied: nvidia-cusolver-cu11==11.4.1.48 in /opt/conda/lib/python3.11/site-packages (from torch<3,>=2.2->shepherd-ai==0.1.0) (11.4.1.48)
Requirement already satisfied: nvidia-cusparse-cu11==11.7.5.86 in /opt/conda/lib/python3.11/site-packages (from torch<3,>=2.2->shepherd-ai==0.1.0) (11.7.5.86)
Requirement already satisfied: nvidia-nccl-cu11==2.21.5 in /opt/conda/lib/python3.11/site-packages (from torch<3,>=2.2->shepherd-ai==0.1.0) (2.21.5)
Requirement already satisfied: nvidia-nvtx-cu11==11.8.86 in /opt/conda/lib/python3.11/site-packages (from torch<3,>=2.2->shepherd-ai==0.1.0) (11.8.86)
Requirement already satisfied: triton==3.3.1 in /opt/conda/lib/python3.11/site-packages (from torch<3,>=2.2->shepherd-ai==0.1.0) (3.3.1)
Requirement already satisfied: setuptools>=40.8.0 in /opt/conda/lib/python3.11/site-packages (from triton==3.3.1->torch<3,>=2.2->shepherd-ai==0.1.0) (75.8.2)
Collecting regex!=2019.12.17 (from transformers<5,>=4.45->shepherd-ai==0.1.0)
  Downloading regex-2026.7.19-cp311-cp311-manylinux2014_x86_64.manylinux_2_17_x86_64.manylinux_2_28_x86_64.whl.metadata (40 kB)
Collecting tokenizers<=0.23.0,>=0.22.0 (from transformers<5,>=4.45->shepherd-ai==0.1.0)
  Downloading tokenizers-0.22.2-cp39-abi3-manylinux_2_17_x86_64.manylinux2014_x86_64.whl.metadata (7.3 kB)
Collecting branca>=0.6.0 (from folium>=0.16->shepherd-ai==0.1.0)
  Downloading branca-0.8.2-py3-none-any.whl.metadata (1.7 kB)
Collecting xyzservices (from folium>=0.16->shepherd-ai==0.1.0)
  Downloading xyzservices-2026.3.0-py3-none-any.whl.metadata (4.1 kB)
Requirement already satisfied: MarkupSafe>=2.0 in /opt/conda/lib/python3.11/site-packages (from jinja2->torch<3,>=2.2->shepherd-ai==0.1.0) (3.0.2)
Collecting contourpy>=1.0.1 (from matplotlib>=3.8->shepherd-ai==0.1.0)
  Downloading contourpy-1.3.3-cp311-cp311-manylinux_2_27_x86_64.manylinux_2_28_x86_64.whl.metadata (5.5 kB)
Collecting cycler>=0.10 (from matplotlib>=3.8->shepherd-ai==0.1.0)
  Downloading cycler-0.12.1-py3-none-any.whl.metadata (3.8 kB)
Collecting fonttools>=4.28.2 (from matplotlib>=3.8->shepherd-ai==0.1.0)
  Downloading fonttools-4.63.0-cp311-cp311-manylinux2014_x86_64.manylinux_2_17_x86_64.whl.metadata (118 kB)
Collecting kiwisolver>=1.3.1 (from matplotlib>=3.8->shepherd-ai==0.1.0)
  Downloading kiwisolver-1.5.0-cp311-cp311-manylinux2014_x86_64.manylinux_2_17_x86_64.whl.metadata (5.1 kB)
Requirement already satisfied: pillow>=9 in /opt/conda/lib/python3.11/site-packages (from matplotlib>=3.8->shepherd-ai==0.1.0) (11.0.0)
Collecting pyparsing>=3 (from matplotlib>=3.8->shepherd-ai==0.1.0)
  Downloading pyparsing-3.3.2-py3-none-any.whl.metadata (5.8 kB)
Collecting python-dateutil>=2.7 (from matplotlib>=3.8->shepherd-ai==0.1.0)
  Downloading python_dateutil-2.9.0.post0-py2.py3-none-any.whl.metadata (8.4 kB)
Requirement already satisfied: six>=1.5 in /opt/conda/lib/python3.11/site-packages (from python-dateutil>=2.7->matplotlib>=3.8->shepherd-ai==0.1.0) (1.17.0)
Requirement already satisfied: mpmath<1.4,>=1.1.0 in /opt/conda/lib/python3.11/site-packages (from sympy>=1.13.3->torch<3,>=2.2->shepherd-ai==0.1.0) (1.3.0)
Requirement already satisfied: charset_normalizer<4,>=2 in /opt/conda/lib/python3.11/site-packages (from requests->huggingface-hub<1,>=0.26->shepherd-ai==0.1.0) (3.4.2)
Requirement already satisfied: idna<4,>=2.5 in /opt/conda/lib/python3.11/site-packages (from requests->huggingface-hub<1,>=0.26->shepherd-ai==0.1.0) (3.10)
Requirement already satisfied: urllib3<3,>=1.21.1 in /opt/conda/lib/python3.11/site-packages (from requests->huggingface-hub<1,>=0.26->shepherd-ai==0.1.0) (2.4.0)
Requirement already satisfied: certifi>=2017.4.17 in /opt/conda/lib/python3.11/site-packages (from requests->huggingface-hub<1,>=0.26->shepherd-ai==0.1.0) (2025.4.26)
Downloading accelerate-1.14.0-py3-none-any.whl (389 kB)
Downloading huggingface_hub-0.36.2-py3-none-any.whl (566 kB)
   ━━━━━━━━━━━━━━━━━━━━━━━━━━━━━━━━━━━━━━━ 566.4/566.4 kB 827.8 MB/s eta 0:00:00
Downloading hf_xet-1.6.0-cp38-abi3-manylinux2014_x86_64.manylinux_2_17_x86_64.whl (4.5 MB)
   ━━━━━━━━━━━━━━━━━━━━━━━━━━━━━━━━━━━━━━━━ 4.5/4.5 MB 700.5 MB/s eta 0:00:00
Downloading nvidia_ml_py-13.610.43-py3-none-any.whl (53 kB)
Downloading safetensors-0.8.0-cp310-abi3-manylinux_2_17_x86_64.manylinux2014_x86_64.whl (516 kB)
Downloading transformers-4.57.6-py3-none-any.whl (12.0 MB)
   ━━━━━━━━━━━━━━━━━━━━━━━━━━━━━━━━━━━━━━━━ 12.0/12.0 MB 825.4 MB/s eta 0:00:00
Downloading tokenizers-0.22.2-cp39-abi3-manylinux_2_17_x86_64.manylinux2014_x86_64.whl (3.3 MB)
   ━━━━━━━━━━━━━━━━━━━━━━━━━━━━━━━━━━━━━━━━ 3.3/3.3 MB 909.0 MB/s eta 0:00:00
Downloading folium-0.20.0-py2.py3-none-any.whl (113 kB)
Downloading branca-0.8.2-py3-none-any.whl (26 kB)
Downloading matplotlib-3.11.1-cp311-cp311-manylinux2014_x86_64.manylinux_2_17_x86_64.whl (10.0 MB)
   ━━━━━━━━━━━━━━━━━━━━━━━━━━━━━━━━━━━━━━━━ 10.0/10.0 MB 820.9 MB/s eta 0:00:00
Downloading contourpy-1.3.3-cp311-cp311-manylinux_2_27_x86_64.manylinux_2_28_x86_64.whl (355 kB)
Downloading cycler-0.12.1-py3-none-any.whl (8.3 kB)
Downloading fonttools-4.63.0-cp311-cp311-manylinux2014_x86_64.manylinux_2_17_x86_64.whl (5.1 MB)
   ━━━━━━━━━━━━━━━━━━━━━━━━━━━━━━━━━━━━━━━━ 5.1/5.1 MB 889.7 MB/s eta 0:00:00
Downloading kiwisolver-1.5.0-cp311-cp311-manylinux2014_x86_64.manylinux_2_17_x86_64.whl (1.4 MB)
   ━━━━━━━━━━━━━━━━━━━━━━━━━━━━━━━━━━━━━━━━ 1.4/1.4 MB 922.4 MB/s eta 0:00:00
Downloading pyparsing-3.3.2-py3-none-any.whl (122 kB)
Downloading python_dateutil-2.9.0.post0-py2.py3-none-any.whl (229 kB)
Downloading regex-2026.7.19-cp311-cp311-manylinux2014_x86_64.manylinux_2_17_x86_64.manylinux_2_28_x86_64.whl (801 kB)
   ━━━━━━━━━━━━━━━━━━━━━━━━━━━━━━━━━━━━━━━━ 801.4/801.4 kB 1.0 GB/s eta 0:00:00
Downloading xyzservices-2026.3.0-py3-none-any.whl (94 kB)
Building wheels for collected packages: shepherd-ai
  Building editable for shepherd-ai (pyproject.toml): started
  Building editable for shepherd-ai (pyproject.toml): finished with status 'done'
  Created wheel for shepherd-ai: filename=shepherd_ai-0.1.0-0.editable-py3-none-any.whl size=21838 sha256=61f277a52ffc26278ea005954e8c87c3f2c4a0071f10df77014afca80ec217e1
  Stored in directory: /tmp/pip-ephem-wheel-cache-ltq9s1gj/wheels/0e/0d/05/6d47462d63280b6452f12c877bd5b24c572ddd04432e7bb617
Successfully built shepherd-ai
Installing collected packages: nvidia-ml-py, xyzservices, safetensors, regex, python-dateutil, pyparsing, kiwisolver, hf-xet, fonttools, cycler, contourpy, matplotlib, huggingface-hub, branca, tokenizers, folium, accelerate, transformers, shepherd-ai

Successfully installed accelerate-1.14.0 branca-0.8.2 contourpy-1.3.3 cycler-0.12.1 folium-0.20.0 fonttools-4.63.0 hf-xet-1.6.0 huggingface-hub-0.36.2 kiwisolver-1.5.0 matplotlib-3.11.1 nvidia-ml-py-13.610.43 pyparsing-3.3.2 python-dateutil-2.9.0.post0 regex-2026.7.19 safetensors-0.8.0 shepherd-ai-0.1.0 tokenizers-0.22.2 transformers-4.57.6 xyzservices-2026.3.0
WARNING: Running pip as the 'root' user can result in broken permissions and conflicting behaviour with the system package manager, possibly rendering your system unusable. It is recommended to use a virtual environment instead: https://pip.pypa.io/warnings/venv. Use the --root-user-action option if you know what you are doing and want to suppress this warning.

Loading checkpoint shards:   0%|          | 0/2 [00:00<?, ?it/s]
Loading checkpoint shards:  50%|█████     | 1/2 [00:01<00:01,  1.42s/it]
Loading checkpoint shards: 100%|██████████| 2/2 [00:02<00:00,  1.05s/it]
Loading checkpoint shards: 100%|██████████| 2/2 [00:02<00:00,  1.11s/it]
The following generation flags are not valid and may be ignored: ['temperature', 'top_p', 'top_k']. Set `TRANSFORMERS_VERBOSITY=info` for more details.
{"appended_rows": 4, "case_id": "035c2b4f:restored_information_execute", "completed_rows": 160, "expected_rows": 5680, "method_id": "M4_post_plan_compute_matched", "resumed_rows": 156, "status": "accuracy_matrix_progress"}
{"appended_rows": 14, "case_id": "069129a4:official_alias_execute", "completed_rows": 170, "expected_rows": 5680, "method_id": "M2_post_plan_deterministic", "resumed_rows": 156, "status": "accuracy_matrix_progress"}
{"appended_rows": 24, "case_id": "069129a4:restored_information_execute", "completed_rows": 180, "expected_rows": 5680, "method_id": "M4_post_plan_compute_matched", "resumed_rows": 156, "status": "accuracy_matrix_progress"}
{"appended_rows": 34, "case_id": "06ebcd6a:official_alias_execute", "completed_rows": 190, "expected_rows": 5680, "method_id": "M2_post_plan_deterministic", "resumed_rows": 156, "status": "accuracy_matrix_progress"}
{"appended_rows": 44, "case_id": "06ebcd6a:restored_information_execute", "completed_rows": 200, "expected_rows": 5680, "method_id": "M4_post_plan_compute_matched", "resumed_rows": 156, "status": "accuracy_matrix_progress"}
{"appended_rows": 54, "case_id": "06fc6b97:official_alias_execute", "completed_rows": 210, "expected_rows": 5680, "method_id": "M2_post_plan_deterministic", "resumed_rows": 156, "status": "accuracy_matrix_progress"}
{"appended_rows": 64, "case_id": "06fc6b97:restored_information_execute", "completed_rows": 220, "expected_rows": 5680, "method_id": "M4_post_plan_compute_matched", "resumed_rows": 156, "status": "accuracy_matrix_progress"}
{"appended_rows": 74, "case_id": "07ed037a:official_alias_execute", "completed_rows": 230, "expected_rows": 5680, "method_id": "M2_post_plan_deterministic", "resumed_rows": 156, "status": "accuracy_matrix_progress"}
{"appended_rows": 84, "case_id": "07ed037a:restored_information_execute", "completed_rows": 240, "expected_rows": 5680, "method_id": "M4_post_plan_compute_matched", "resumed_rows": 156, "status": "accuracy_matrix_progress"}
{"appended_rows": 94, "case_id": "091dfb5e:official_alias_execute", "completed_rows": 250, "expected_rows": 5680, "method_id": "M2_post_plan_deterministic", "resumed_rows": 156, "status": "accuracy_matrix_progress"}
