Get:1 http://deb.debian.org/debian trixie InRelease [140 kB]
Get:2 http://deb.debian.org/debian trixie-updates InRelease [47.3 kB]
Get:3 http://deb.debian.org/debian-security trixie-security InRelease [43.4 kB]
Get:4 http://deb.debian.org/debian trixie/main amd64 Packages [9673 kB]
Get:5 http://deb.debian.org/debian trixie-updates/main amd64 Packages [4412 B]
Get:6 http://deb.debian.org/debian-security trixie-security/main amd64 Packages [231 kB]
Fetched 10.1 MB in 1s (7467 kB/s)
Reading package lists...
Reading package lists...
Building dependency tree...
Reading state information...
ca-certificates is already the newest version (20250419).
The following additional packages will be installed:
  git-man libbrotli1 libcom-err2 libcurl3t64-gnutls liberror-perl libexpat1
  libgdbm-compat4t64 libgnutls30t64 libgssapi-krb5-2 libidn2-0 libk5crypto3
  libkeyutils1 libkrb5-3 libkrb5support0 libldap2 libnghttp2-14 libnghttp3-9
  libngtcp2-16 libngtcp2-crypto-gnutls8 libp11-kit0 libperl5.40 libpsl5t64
  librtmp1 libsasl2-2 libsasl2-modules-db libssh2-1t64 libtasn1-6
  libunistring5 perl perl-modules-5.40
Suggested packages:
  gettext-base git-doc git-email git-gui gitk gitweb git-cvs git-mediawiki
  git-svn gnutls-bin krb5-doc krb5-user sensible-utils perl-doc
  libterm-readline-gnu-perl | libterm-readline-perl-perl make
  libtap-harness-archive-perl
Recommended packages:
  patch less ssh-client krb5-locales libldap-common publicsuffix
  libsasl2-modules
The following NEW packages will be installed:
  git git-man libbrotli1 libcom-err2 libcurl3t64-gnutls liberror-perl
  libexpat1 libgdbm-compat4t64 libgnutls30t64 libgssapi-krb5-2 libidn2-0
  libk5crypto3 libkeyutils1 libkrb5-3 libkrb5support0 libldap2 libnghttp2-14
  libnghttp3-9 libngtcp2-16 libngtcp2-crypto-gnutls8 libp11-kit0 libperl5.40
  libpsl5t64 librtmp1 libsasl2-2 libsasl2-modules-db libssh2-1t64 libtasn1-6
  libunistring5 perl perl-modules-5.40
0 upgraded, 31 newly installed, 0 to remove and 16 not upgraded.
Need to get 23.7 MB of archives.
After this operation, 119 MB of additional disk space will be used.
Get:1 http://deb.debian.org/debian-security trixie-security/main amd64 libexpat1 amd64 2.8.2-1~deb13u1 [122 kB]
Get:2 http://deb.debian.org/debian trixie/main amd64 perl-modules-5.40 all 5.40.1-6 [3019 kB]
Get:3 http://deb.debian.org/debian trixie/main amd64 libgdbm-compat4t64 amd64 1.24-2 [50.3 kB]
Get:4 http://deb.debian.org/debian trixie/main amd64 libperl5.40 amd64 5.40.1-6 [4341 kB]
Get:5 http://deb.debian.org/debian trixie/main amd64 perl amd64 5.40.1-6 [267 kB]
Get:6 http://deb.debian.org/debian trixie/main amd64 libbrotli1 amd64 1.1.0-2+b7 [307 kB]
Get:7 http://deb.debian.org/debian trixie/main amd64 libunistring5 amd64 1.3-2 [477 kB]
Get:8 http://deb.debian.org/debian trixie/main amd64 libidn2-0 amd64 2.3.8-2 [109 kB]
Get:9 http://deb.debian.org/debian trixie/main amd64 libp11-kit0 amd64 0.25.5-3 [425 kB]
Get:10 http://deb.debian.org/debian trixie/main amd64 libtasn1-6 amd64 4.20.0-2+deb13u1 [50.1 kB]
Get:11 http://deb.debian.org/debian trixie/main amd64 libgnutls30t64 amd64 3.8.9-3+deb13u4 [1469 kB]
Get:12 http://deb.debian.org/debian trixie/main amd64 libkrb5support0 amd64 1.21.3-5+deb13u1 [33.1 kB]
Get:13 http://deb.debian.org/debian trixie/main amd64 libcom-err2 amd64 1.47.2-3+b11 [25.0 kB]
Get:14 http://deb.debian.org/debian trixie/main amd64 libk5crypto3 amd64 1.21.3-5+deb13u1 [81.2 kB]
Get:15 http://deb.debian.org/debian trixie/main amd64 libkeyutils1 amd64 1.6.3-6 [9456 B]
Get:16 http://deb.debian.org/debian trixie/main amd64 libkrb5-3 amd64 1.21.3-5+deb13u1 [326 kB]
Get:17 http://deb.debian.org/debian trixie/main amd64 libgssapi-krb5-2 amd64 1.21.3-5+deb13u1 [138 kB]
Get:18 http://deb.debian.org/debian trixie/main amd64 libsasl2-modules-db amd64 2.1.28+dfsg1-9 [19.8 kB]
Get:19 http://deb.debian.org/debian trixie/main amd64 libsasl2-2 amd64 2.1.28+dfsg1-9 [57.5 kB]
Get:20 http://deb.debian.org/debian trixie/main amd64 libldap2 amd64 2.6.10+dfsg-1 [194 kB]
Get:21 http://deb.debian.org/debian trixie/main amd64 libnghttp2-14 amd64 1.64.0-1.1+deb13u1 [76.2 kB]
Get:22 http://deb.debian.org/debian trixie/main amd64 libnghttp3-9 amd64 1.8.0-1 [67.7 kB]
Get:23 http://deb.debian.org/debian trixie/main amd64 libngtcp2-16 amd64 1.11.0-1+deb13u1 [132 kB]
Get:24 http://deb.debian.org/debian trixie/main amd64 libngtcp2-crypto-gnutls8 amd64 1.11.0-1+deb13u1 [29.5 kB]
Get:25 http://deb.debian.org/debian trixie/main amd64 libpsl5t64 amd64 0.21.2-1.1+b1 [57.2 kB]
Get:26 http://deb.debian.org/debian trixie/main amd64 librtmp1 amd64 2.4+20151223.gitfa8646d.1-2+b5 [58.8 kB]
Get:27 http://deb.debian.org/debian trixie/main amd64 libssh2-1t64 amd64 1.11.1-1+deb13u1 [245 kB]
Get:28 http://deb.debian.org/debian trixie/main amd64 libcurl3t64-gnutls amd64 8.14.1-2+deb13u4 [384 kB]
Get:29 http://deb.debian.org/debian trixie/main amd64 liberror-perl all 0.17030-1 [26.9 kB]
Get:30 http://deb.debian.org/debian trixie/main amd64 git-man all 1:2.47.3-0+deb13u1 [2205 kB]
Get:31 http://deb.debian.org/debian trixie/main amd64 git amd64 1:2.47.3-0+deb13u1 [8862 kB]
debconf: unable to initialize frontend: Dialog
debconf: (TERM is not set, so the dialog frontend is not usable.)
debconf: falling back to frontend: Readline
debconf: unable to initialize frontend: Readline
debconf: (Can't locate Term/ReadLine.pm in @INC (you may need to install the Term::ReadLine module) (@INC entries checked: /etc/perl /usr/local/lib/x86_64-linux-gnu/perl/5.40.1 /usr/local/share/perl/5.40.1 /usr/lib/x86_64-linux-gnu/perl5/5.40 /usr/share/perl5 /usr/lib/x86_64-linux-gnu/perl-base /usr/lib/x86_64-linux-gnu/perl/5.40 /usr/share/perl/5.40 /usr/local/lib/site_perl) at /usr/share/perl5/Debconf/FrontEnd/Readline.pm line 8, <STDIN> line 31.)
debconf: falling back to frontend: Teletype
debconf: unable to initialize frontend: Teletype
debconf: (This frontend requires a controlling tty.)
debconf: falling back to frontend: Noninteractive
Fetched 23.7 MB in 1s (38.0 MB/s)
Selecting previously unselected package libexpat1:amd64.
(Reading database ... 
(Reading database ... 5%
(Reading database ... 10%
(Reading database ... 15%
(Reading database ... 20%
(Reading database ... 25%
(Reading database ... 30%
(Reading database ... 35%
(Reading database ... 40%
(Reading database ... 45%
(Reading database ... 50%
(Reading database ... 55%
(Reading database ... 60%
(Reading database ... 65%
(Reading database ... 70%
(Reading database ... 75%
(Reading database ... 80%
(Reading database ... 85%
(Reading database ... 90%
(Reading database ... 95%
(Reading database ... 100%
(Reading database ... 5644 files and directories currently installed.)
Preparing to unpack .../00-libexpat1_2.8.2-1~deb13u1_amd64.deb ...
Unpacking libexpat1:amd64 (2.8.2-1~deb13u1) ...
Selecting previously unselected package perl-modules-5.40.
Preparing to unpack .../01-perl-modules-5.40_5.40.1-6_all.deb ...
Unpacking perl-modules-5.40 (5.40.1-6) ...
Selecting previously unselected package libgdbm-compat4t64:amd64.
Preparing to unpack .../02-libgdbm-compat4t64_1.24-2_amd64.deb ...
Unpacking libgdbm-compat4t64:amd64 (1.24-2) ...
Selecting previously unselected package libperl5.40:amd64.
Preparing to unpack .../03-libperl5.40_5.40.1-6_amd64.deb ...
Unpacking libperl5.40:amd64 (5.40.1-6) ...
Selecting previously unselected package perl.
Preparing to unpack .../04-perl_5.40.1-6_amd64.deb ...
Unpacking perl (5.40.1-6) ...
Selecting previously unselected package libbrotli1:amd64.
Preparing to unpack .../05-libbrotli1_1.1.0-2+b7_amd64.deb ...
Unpacking libbrotli1:amd64 (1.1.0-2+b7) ...
Selecting previously unselected package libunistring5:amd64.
Preparing to unpack .../06-libunistring5_1.3-2_amd64.deb ...
Unpacking libunistring5:amd64 (1.3-2) ...
Selecting previously unselected package libidn2-0:amd64.
Preparing to unpack .../07-libidn2-0_2.3.8-2_amd64.deb ...
Unpacking libidn2-0:amd64 (2.3.8-2) ...
Selecting previously unselected package libp11-kit0:amd64.
Preparing to unpack .../08-libp11-kit0_0.25.5-3_amd64.deb ...
Unpacking libp11-kit0:amd64 (0.25.5-3) ...
Selecting previously unselected package libtasn1-6:amd64.
Preparing to unpack .../09-libtasn1-6_4.20.0-2+deb13u1_amd64.deb ...
Unpacking libtasn1-6:amd64 (4.20.0-2+deb13u1) ...
Selecting previously unselected package libgnutls30t64:amd64.
Preparing to unpack .../10-libgnutls30t64_3.8.9-3+deb13u4_amd64.deb ...
Unpacking libgnutls30t64:amd64 (3.8.9-3+deb13u4) ...
Selecting previously unselected package libkrb5support0:amd64.
Preparing to unpack .../11-libkrb5support0_1.21.3-5+deb13u1_amd64.deb ...
Unpacking libkrb5support0:amd64 (1.21.3-5+deb13u1) ...
Selecting previously unselected package libcom-err2:amd64.
Preparing to unpack .../12-libcom-err2_1.47.2-3+b11_amd64.deb ...
Unpacking libcom-err2:amd64 (1.47.2-3+b11) ...
Selecting previously unselected package libk5crypto3:amd64.
Preparing to unpack .../13-libk5crypto3_1.21.3-5+deb13u1_amd64.deb ...
Unpacking libk5crypto3:amd64 (1.21.3-5+deb13u1) ...
Selecting previously unselected package libkeyutils1:amd64.
Preparing to unpack .../14-libkeyutils1_1.6.3-6_amd64.deb ...
Unpacking libkeyutils1:amd64 (1.6.3-6) ...
Selecting previously unselected package libkrb5-3:amd64.
Preparing to unpack .../15-libkrb5-3_1.21.3-5+deb13u1_amd64.deb ...
Unpacking libkrb5-3:amd64 (1.21.3-5+deb13u1) ...
Selecting previously unselected package libgssapi-krb5-2:amd64.
Preparing to unpack .../16-libgssapi-krb5-2_1.21.3-5+deb13u1_amd64.deb ...
Unpacking libgssapi-krb5-2:amd64 (1.21.3-5+deb13u1) ...
Selecting previously unselected package libsasl2-modules-db:amd64.
Preparing to unpack .../17-libsasl2-modules-db_2.1.28+dfsg1-9_amd64.deb ...
Unpacking libsasl2-modules-db:amd64 (2.1.28+dfsg1-9) ...
Selecting previously unselected package libsasl2-2:amd64.
Preparing to unpack .../18-libsasl2-2_2.1.28+dfsg1-9_amd64.deb ...
Unpacking libsasl2-2:amd64 (2.1.28+dfsg1-9) ...
Selecting previously unselected package libldap2:amd64.
Preparing to unpack .../19-libldap2_2.6.10+dfsg-1_amd64.deb ...
Unpacking libldap2:amd64 (2.6.10+dfsg-1) ...
Selecting previously unselected package libnghttp2-14:amd64.
Preparing to unpack .../20-libnghttp2-14_1.64.0-1.1+deb13u1_amd64.deb ...
Unpacking libnghttp2-14:amd64 (1.64.0-1.1+deb13u1) ...
Selecting previously unselected package libnghttp3-9:amd64.
Preparing to unpack .../21-libnghttp3-9_1.8.0-1_amd64.deb ...
Unpacking libnghttp3-9:amd64 (1.8.0-1) ...
Selecting previously unselected package libngtcp2-16:amd64.
Preparing to unpack .../22-libngtcp2-16_1.11.0-1+deb13u1_amd64.deb ...
Unpacking libngtcp2-16:amd64 (1.11.0-1+deb13u1) ...
Selecting previously unselected package libngtcp2-crypto-gnutls8:amd64.
Preparing to unpack .../23-libngtcp2-crypto-gnutls8_1.11.0-1+deb13u1_amd64.deb ...
Unpacking libngtcp2-crypto-gnutls8:amd64 (1.11.0-1+deb13u1) ...
Selecting previously unselected package libpsl5t64:amd64.
Preparing to unpack .../24-libpsl5t64_0.21.2-1.1+b1_amd64.deb ...
Unpacking libpsl5t64:amd64 (0.21.2-1.1+b1) ...
Selecting previously unselected package librtmp1:amd64.
Preparing to unpack .../25-librtmp1_2.4+20151223.gitfa8646d.1-2+b5_amd64.deb ...
Unpacking librtmp1:amd64 (2.4+20151223.gitfa8646d.1-2+b5) ...
Selecting previously unselected package libssh2-1t64:amd64.
Preparing to unpack .../26-libssh2-1t64_1.11.1-1+deb13u1_amd64.deb ...
Unpacking libssh2-1t64:amd64 (1.11.1-1+deb13u1) ...
Selecting previously unselected package libcurl3t64-gnutls:amd64.
Preparing to unpack .../27-libcurl3t64-gnutls_8.14.1-2+deb13u4_amd64.deb ...
Unpacking libcurl3t64-gnutls:amd64 (8.14.1-2+deb13u4) ...
Selecting previously unselected package liberror-perl.
Preparing to unpack .../28-liberror-perl_0.17030-1_all.deb ...
Unpacking liberror-perl (0.17030-1) ...
Selecting previously unselected package git-man.
Preparing to unpack .../29-git-man_1%3a2.47.3-0+deb13u1_all.deb ...
Unpacking git-man (1:2.47.3-0+deb13u1) ...
Selecting previously unselected package git.
Preparing to unpack .../30-git_1%3a2.47.3-0+deb13u1_amd64.deb ...
Unpacking git (1:2.47.3-0+deb13u1) ...
Setting up libexpat1:amd64 (2.8.2-1~deb13u1) ...
Setting up libkeyutils1:amd64 (1.6.3-6) ...
Setting up libgdbm-compat4t64:amd64 (1.24-2) ...
Setting up libbrotli1:amd64 (1.1.0-2+b7) ...
Setting up libnghttp2-14:amd64 (1.64.0-1.1+deb13u1) ...
Setting up libcom-err2:amd64 (1.47.2-3+b11) ...
Setting up libkrb5support0:amd64 (1.21.3-5+deb13u1) ...
Setting up libsasl2-modules-db:amd64 (2.1.28+dfsg1-9) ...
Setting up libp11-kit0:amd64 (0.25.5-3) ...
Setting up libunistring5:amd64 (1.3-2) ...
Setting up libk5crypto3:amd64 (1.21.3-5+deb13u1) ...
Setting up libsasl2-2:amd64 (2.1.28+dfsg1-9) ...
Setting up libnghttp3-9:amd64 (1.8.0-1) ...
Setting up perl-modules-5.40 (5.40.1-6) ...
Setting up libtasn1-6:amd64 (4.20.0-2+deb13u1) ...
Setting up git-man (1:2.47.3-0+deb13u1) ...
Setting up libngtcp2-16:amd64 (1.11.0-1+deb13u1) ...
Setting up libkrb5-3:amd64 (1.21.3-5+deb13u1) ...
Setting up libssh2-1t64:amd64 (1.11.1-1+deb13u1) ...
Setting up libldap2:amd64 (2.6.10+dfsg-1) ...
Setting up libidn2-0:amd64 (2.3.8-2) ...
Setting up libperl5.40:amd64 (5.40.1-6) ...
Setting up perl (5.40.1-6) ...
Setting up libgssapi-krb5-2:amd64 (1.21.3-5+deb13u1) ...
Setting up libgnutls30t64:amd64 (3.8.9-3+deb13u4) ...
Setting up libpsl5t64:amd64 (0.21.2-1.1+b1) ...
Setting up liberror-perl (0.17030-1) ...
Setting up librtmp1:amd64 (2.4+20151223.gitfa8646d.1-2+b5) ...
Setting up libngtcp2-crypto-gnutls8:amd64 (1.11.0-1+deb13u1) ...
Setting up libcurl3t64-gnutls:amd64 (8.14.1-2+deb13u4) ...
Setting up git (1:2.47.3-0+deb13u1) ...
Processing triggers for libc-bin (2.41-12) ...
Cloning into '/workspace/repo-8ac37e86808436c5673fa01abce2c5fe6add52fd'...
Updating files:  35% (93/261)
Updating files:  36% (94/261)
Updating files:  37% (97/261)
Updating files:  38% (100/261)
Updating files:  39% (102/261)
Updating files:  40% (105/261)
Updating files:  41% (108/261)
Updating files:  42% (110/261)
Updating files:  43% (113/261)
Updating files:  44% (115/261)
Updating files:  45% (118/261)
Updating files:  46% (121/261)
Updating files:  47% (123/261)
Updating files:  48% (126/261)
Updating files:  49% (128/261)
Updating files:  50% (131/261)
Updating files:  51% (134/261)
Updating files:  52% (136/261)
Updating files:  53% (139/261)
Updating files:  54% (141/261)
Updating files:  55% (144/261)
Updating files:  56% (147/261)
Updating files:  57% (149/261)
Updating files:  58% (152/261)
Updating files:  59% (154/261)
Updating files:  60% (157/261)
Updating files:  61% (160/261)
Updating files:  62% (162/261)
Updating files:  63% (165/261)
Updating files:  64% (168/261)
Updating files:  65% (170/261)
Updating files:  66% (173/261)
Updating files:  67% (175/261)
Updating files:  68% (178/261)
Updating files:  69% (181/261)
Updating files:  70% (183/261)
Updating files:  71% (186/261)
Updating files:  72% (188/261)
Updating files:  73% (191/261)
Updating files:  74% (194/261)
Updating files:  75% (196/261)
Updating files:  76% (199/261)
Updating files:  77% (201/261)
Updating files:  78% (204/261)
Updating files:  79% (207/261)
Updating files:  80% (209/261)
Updating files:  81% (212/261)
Updating files:  82% (215/261)
Updating files:  83% (217/261)
Updating files:  84% (220/261)
Updating files:  85% (222/261)
Updating files:  86% (225/261)
Updating files:  87% (228/261)
Updating files:  88% (230/261)
Updating files:  89% (233/261)
Updating files:  90% (235/261)
Updating files:  91% (238/261)
Updating files:  92% (241/261)
Updating files:  93% (243/261)
Updating files:  94% (246/261)
Updating files:  95% (248/261)
Updating files:  96% (251/261)
Updating files:  97% (254/261)
Updating files:  98% (256/261)
Updating files:  99% (259/261)
Updating files: 100% (261/261)
Updating files: 100% (261/261), done.
HEAD is now at 8ac37e8 Fix Nautilus model revision binding
Obtaining file:///workspace/repo-8ac37e86808436c5673fa01abce2c5fe6add52fd
  Installing build dependencies: started
  Installing build dependencies: finished with status 'done'
  Checking if build backend supports build_editable: started
  Checking if build backend supports build_editable: finished with status 'done'
  Getting requirements to build editable: started
  Getting requirements to build editable: finished with status 'done'
  Preparing editable metadata (pyproject.toml): started
  Preparing editable metadata (pyproject.toml): finished with status 'done'
Collecting huggingface-hub<1,>=0.26
  Downloading huggingface_hub-0.36.2-py3-none-any.whl.metadata (15 kB)
Collecting filelock (from huggingface-hub<1,>=0.26)
  Downloading filelock-3.32.2-py3-none-any.whl.metadata (2.0 kB)
Collecting fsspec>=2023.5.0 (from huggingface-hub<1,>=0.26)
  Downloading fsspec-2026.7.0-py3-none-any.whl.metadata (10 kB)
Collecting hf-xet<2.0.0,>=1.1.3 (from huggingface-hub<1,>=0.26)
  Downloading hf_xet-1.6.0-cp38-abi3-manylinux2014_x86_64.manylinux_2_17_x86_64.whl.metadata (4.9 kB)
Collecting packaging>=20.9 (from huggingface-hub<1,>=0.26)
  Downloading packaging-26.2-py3-none-any.whl.metadata (3.5 kB)
Collecting pyyaml>=5.1 (from huggingface-hub<1,>=0.26)
  Downloading pyyaml-6.0.3-cp312-cp312-manylinux2014_x86_64.manylinux_2_17_x86_64.manylinux_2_28_x86_64.whl.metadata (2.4 kB)
Collecting requests (from huggingface-hub<1,>=0.26)
  Downloading requests-2.34.2-py3-none-any.whl.metadata (4.8 kB)
Collecting tqdm>=4.42.1 (from huggingface-hub<1,>=0.26)
  Downloading tqdm-4.70.0-py3-none-any.whl.metadata (57 kB)
Collecting typing-extensions>=3.7.4.3 (from huggingface-hub<1,>=0.26)
  Downloading typing_extensions-4.16.0-py3-none-any.whl.metadata (3.3 kB)
Collecting folium>=0.16 (from shepherd-ai==0.1.0)
  Downloading folium-0.20.0-py2.py3-none-any.whl.metadata (4.2 kB)
Collecting matplotlib>=3.8 (from shepherd-ai==0.1.0)
  Downloading matplotlib-3.11.1-cp312-cp312-manylinux2014_x86_64.manylinux_2_17_x86_64.whl.metadata (80 kB)
Collecting networkx>=3.0 (from shepherd-ai==0.1.0)
  Downloading networkx-3.6.1-py3-none-any.whl.metadata (6.8 kB)
Collecting numpy>=1.24 (from shepherd-ai==0.1.0)
  Downloading numpy-2.5.1-cp312-cp312-manylinux_2_27_x86_64.manylinux_2_28_x86_64.whl.metadata (6.6 kB)
Collecting branca>=0.6.0 (from folium>=0.16->shepherd-ai==0.1.0)
  Downloading branca-0.8.2-py3-none-any.whl.metadata (1.7 kB)
Collecting jinja2>=2.9 (from folium>=0.16->shepherd-ai==0.1.0)
  Downloading jinja2-3.1.6-py3-none-any.whl.metadata (2.9 kB)
Collecting xyzservices (from folium>=0.16->shepherd-ai==0.1.0)
  Downloading xyzservices-2026.3.0-py3-none-any.whl.metadata (4.1 kB)
Collecting contourpy>=1.0.1 (from matplotlib>=3.8->shepherd-ai==0.1.0)
  Downloading contourpy-1.3.3-cp312-cp312-manylinux_2_27_x86_64.manylinux_2_28_x86_64.whl.metadata (5.5 kB)
Collecting cycler>=0.10 (from matplotlib>=3.8->shepherd-ai==0.1.0)
  Downloading cycler-0.12.1-py3-none-any.whl.metadata (3.8 kB)
Collecting fonttools>=4.28.2 (from matplotlib>=3.8->shepherd-ai==0.1.0)
  Downloading fonttools-4.63.0-cp312-cp312-manylinux2014_x86_64.manylinux_2_17_x86_64.whl.metadata (118 kB)
Collecting kiwisolver>=1.3.1 (from matplotlib>=3.8->shepherd-ai==0.1.0)
  Downloading kiwisolver-1.5.0-cp312-cp312-manylinux2014_x86_64.manylinux_2_17_x86_64.whl.metadata (5.1 kB)
Collecting pillow>=9 (from matplotlib>=3.8->shepherd-ai==0.1.0)
  Downloading pillow-12.3.0-cp312-cp312-manylinux_2_27_x86_64.manylinux_2_28_x86_64.whl.metadata (9.1 kB)
Collecting pyparsing>=3 (from matplotlib>=3.8->shepherd-ai==0.1.0)
  Downloading pyparsing-3.3.2-py3-none-any.whl.metadata (5.8 kB)
Collecting python-dateutil>=2.7 (from matplotlib>=3.8->shepherd-ai==0.1.0)
  Downloading python_dateutil-2.9.0.post0-py2.py3-none-any.whl.metadata (8.4 kB)
Collecting charset_normalizer<4,>=2 (from requests->huggingface-hub<1,>=0.26)
  Downloading charset_normalizer-3.4.9-cp312-cp312-manylinux2014_x86_64.manylinux_2_17_x86_64.manylinux_2_28_x86_64.whl.metadata (41 kB)
Collecting idna<4,>=2.5 (from requests->huggingface-hub<1,>=0.26)
  Downloading idna-3.18-py3-none-any.whl.metadata (6.1 kB)
Collecting urllib3<3,>=1.26 (from requests->huggingface-hub<1,>=0.26)
  Downloading urllib3-2.7.0-py3-none-any.whl.metadata (6.9 kB)
Collecting certifi>=2023.5.7 (from requests->huggingface-hub<1,>=0.26)
  Downloading certifi-2026.7.22-py3-none-any.whl.metadata (2.5 kB)
Collecting MarkupSafe>=2.0 (from jinja2>=2.9->folium>=0.16->shepherd-ai==0.1.0)
  Downloading markupsafe-3.0.3-cp312-cp312-manylinux2014_x86_64.manylinux_2_17_x86_64.manylinux_2_28_x86_64.whl.metadata (2.7 kB)
Collecting six>=1.5 (from python-dateutil>=2.7->matplotlib>=3.8->shepherd-ai==0.1.0)
  Downloading six-1.17.0-py2.py3-none-any.whl.metadata (1.7 kB)
Downloading huggingface_hub-0.36.2-py3-none-any.whl (566 kB)
   ━━━━━━━━━━━━━━━━━━━━━━━━━━━━━━━━━━━━━━━━ 566.4/566.4 kB 30.9 MB/s eta 0:00:00
Downloading folium-0.20.0-py2.py3-none-any.whl (113 kB)
Downloading fsspec-2026.7.0-py3-none-any.whl (206 kB)
Downloading hf_xet-1.6.0-cp38-abi3-manylinux2014_x86_64.manylinux_2_17_x86_64.whl (4.5 MB)
   ━━━━━━━━━━━━━━━━━━━━━━━━━━━━━━━━━━━━━━━━ 4.5/4.5 MB 82.5 MB/s eta 0:00:00
Downloading matplotlib-3.11.1-cp312-cp312-manylinux2014_x86_64.manylinux_2_17_x86_64.whl (10.0 MB)
   ━━━━━━━━━━━━━━━━━━━━━━━━━━━━━━━━━━━━━━━━ 10.0/10.0 MB 324.1 MB/s eta 0:00:00
Downloading networkx-3.6.1-py3-none-any.whl (2.1 MB)
   ━━━━━━━━━━━━━━━━━━━━━━━━━━━━━━━━━━━━━━━━ 2.1/2.1 MB 422.2 MB/s eta 0:00:00
Downloading numpy-2.5.1-cp312-cp312-manylinux_2_27_x86_64.manylinux_2_28_x86_64.whl (16.7 MB)
   ━━━━━━━━━━━━━━━━━━━━━━━━━━━━━━━━━━━━━━━━ 16.7/16.7 MB 389.9 MB/s eta 0:00:00
Downloading packaging-26.2-py3-none-any.whl (100 kB)
Downloading pyyaml-6.0.3-cp312-cp312-manylinux2014_x86_64.manylinux_2_17_x86_64.manylinux_2_28_x86_64.whl (807 kB)
   ━━━━━━━━━━━━━━━━━━━━━━━━━━━━━━━━━━━━━━━ 807.9/807.9 kB 504.7 MB/s eta 0:00:00
Downloading tqdm-4.70.0-py3-none-any.whl (80 kB)
Downloading typing_extensions-4.16.0-py3-none-any.whl (45 kB)
Downloading filelock-3.32.2-py3-none-any.whl (98 kB)
Downloading requests-2.34.2-py3-none-any.whl (73 kB)
Downloading branca-0.8.2-py3-none-any.whl (26 kB)
Downloading certifi-2026.7.22-py3-none-any.whl (136 kB)
Downloading charset_normalizer-3.4.9-cp312-cp312-manylinux2014_x86_64.manylinux_2_17_x86_64.manylinux_2_28_x86_64.whl (224 kB)
Downloading contourpy-1.3.3-cp312-cp312-manylinux_2_27_x86_64.manylinux_2_28_x86_64.whl (362 kB)
Downloading cycler-0.12.1-py3-none-any.whl (8.3 kB)
Downloading fonttools-4.63.0-cp312-cp312-manylinux2014_x86_64.manylinux_2_17_x86_64.whl (5.0 MB)
   ━━━━━━━━━━━━━━━━━━━━━━━━━━━━━━━━━━━━━━━━ 5.0/5.0 MB 408.6 MB/s eta 0:00:00
Downloading idna-3.18-py3-none-any.whl (65 kB)
Downloading jinja2-3.1.6-py3-none-any.whl (134 kB)
Downloading kiwisolver-1.5.0-cp312-cp312-manylinux2014_x86_64.manylinux_2_17_x86_64.whl (1.5 MB)
   ━━━━━━━━━━━━━━━━━━━━━━━━━━━━━━━━━━━━━━━━ 1.5/1.5 MB 400.8 MB/s eta 0:00:00
Downloading pillow-12.3.0-cp312-cp312-manylinux_2_27_x86_64.manylinux_2_28_x86_64.whl (6.9 MB)
   ━━━━━━━━━━━━━━━━━━━━━━━━━━━━━━━━━━━━━━━━ 6.9/6.9 MB 366.5 MB/s eta 0:00:00
Downloading pyparsing-3.3.2-py3-none-any.whl (122 kB)
Downloading python_dateutil-2.9.0.post0-py2.py3-none-any.whl (229 kB)
Downloading urllib3-2.7.0-py3-none-any.whl (131 kB)
Downloading xyzservices-2026.3.0-py3-none-any.whl (94 kB)
Downloading markupsafe-3.0.3-cp312-cp312-manylinux2014_x86_64.manylinux_2_17_x86_64.manylinux_2_28_x86_64.whl (22 kB)
Downloading six-1.17.0-py2.py3-none-any.whl (11 kB)
Building wheels for collected packages: shepherd-ai
  Building editable for shepherd-ai (pyproject.toml): started
  Building editable for shepherd-ai (pyproject.toml): finished with status 'done'
  Created wheel for shepherd-ai: filename=shepherd_ai-0.1.0-0.editable-py3-none-any.whl size=21839 sha256=2c5804bf85b53f4b1bd9bb3bf91fd0a091c74b46b3d9175fdbd0ecf9930e796e
  Stored in directory: /tmp/pip-ephem-wheel-cache-7yk3ophq/wheels/6e/14/e1/3b0f6baee72c49f1aec41ef66d4c99e9a36b2c46f6cec65f3a
Successfully built shepherd-ai
Installing collected packages: xyzservices, urllib3, typing-extensions, tqdm, six, pyyaml, pyparsing, pillow, packaging, numpy, networkx, MarkupSafe, kiwisolver, idna, hf-xet, fsspec, fonttools, filelock, cycler, charset_normalizer, certifi, requests, python-dateutil, jinja2, contourpy, matplotlib, huggingface-hub, branca, folium, shepherd-ai
Successfully installed MarkupSafe-3.0.3 branca-0.8.2 certifi-2026.7.22 charset_normalizer-3.4.9 contourpy-1.3.3 cycler-0.12.1 filelock-3.32.2 folium-0.20.0 fonttools-4.63.0 fsspec-2026.7.0 hf-xet-1.6.0 huggingface-hub-0.36.2 idna-3.18 jinja2-3.1.6 kiwisolver-1.5.0 matplotlib-3.11.1 networkx-3.6.1 numpy-2.5.1 packaging-26.2 pillow-12.3.0 pyparsing-3.3.2 python-dateutil-2.9.0.post0 pyyaml-6.0.3 requests-2.34.2 shepherd-ai-0.1.0 six-1.17.0 tqdm-4.70.0 typing-extensions-4.16.0 urllib3-2.7.0 xyzservices-2026.3.0
WARNING: Running pip as the 'root' user can result in broken permissions and conflicting behaviour with the system package manager, possibly rendering your system unusable. It is recommended to use a virtual environment instead: https://pip.pypa.io/warnings/venv. Use the --root-user-action option if you know what you are doing and want to suppress this warning.

[notice] A new release of pip is available: 25.0.1 -> 26.2
[notice] To update, run: pip install --upgrade pip

Fetching 12 files:   0%|          | 0/12 [00:00<?, ?it/s]
Fetching 12 files:  33%|███▎      | 4/12 [00:00<00:00, 22.26it/s]
Fetching 12 files:  58%|█████▊    | 7/12 [00:00<00:00, 38.81it/s]
Fetching 12 files: 100%|██████████| 12/12 [00:00<00:00, 65.98it/s]
Fetching 12 files: 100%|██████████| 12/12 [00:00<00:00, 65.92it/s]
Fetching 12 files: 100%|██████████| 12/12 [00:00<00:00, 65.81it/s]
